#
# There is insufficient memory for the Java Runtime Environment to continue.
# Native memory allocation (malloc) failed to allocate 1048576 bytes. Error detail: AllocateHeap
# Possible reasons:
#   The system is out of physical RAM or swap space
#   This process is running with CompressedOops enabled, and the Java Heap may be blocking the growth of the native heap
# Possible solutions:
#   Reduce memory load on the system
#   Increase physical memory or swap space
#   Check if swap backing store is full
#   Decrease Java heap size (-Xmx/-Xms)
#   Decrease number of Java threads
#   Decrease Java thread stack sizes (-Xss)
#   Set larger code cache with -XX:ReservedCodeCacheSize=
#   JVM is running with Unscaled Compressed Oops mode in which the Java heap is
#     placed in the first 4GB address space. The Java Heap base address is the
#     maximum limit for the native heap growth. Please use -XX:HeapBaseMinAddress
#     to set the Java Heap base and to place the Java Heap above 4GB virtual address.
# This output file may be truncated or incomplete.
#
#  Out of Memory Error (allocation.cpp:44), pid=28804, tid=7540
#
# JRE version: OpenJDK Runtime Environment Temurin-21.0.10+7 (21.0.10+7) (build 21.0.10+7-LTS)
# Java VM: OpenJDK 64-Bit Server VM Temurin-21.0.10+7 (21.0.10+7-LTS, mixed mode, sharing, tiered, compressed oops, compressed class ptrs, parallel gc, windows-amd64)
# No core dump will be written. Minidumps are not enabled by default on client versions of Windows
#

---------------  S U M M A R Y ------------

Command Line: --add-modules=ALL-SYSTEM --add-opens=java.base/java.util=ALL-UNNAMED --add-opens=java.base/java.lang=ALL-UNNAMED --add-opens=java.base/sun.nio.fs=ALL-UNNAMED -Declipse.application=org.eclipse.jdt.ls.core.id1 -Dosgi.bundles.defaultStartLevel=4 -Declipse.product=org.eclipse.jdt.ls.core.product -Djava.import.generatesMetadataFilesAtProjectRoot=false -DDetectVMInstallationsJob.disabled=true -Dfile.encoding=utf8 -XX:+UseParallelGC -XX:GCTimeRatio=4 -XX:AdaptiveSizePolicyWeight=90 -Dsun.zip.disableMemoryMapping=true -Xmx2G -Xms100m -Xlog:disable -javaagent:c:\Users\rapha\.vscode\extensions\redhat.java-1.54.0-win32-x64\lombok\lombok-1.18.39-4050.jar -XX:+HeapDumpOnOutOfMemoryError -XX:HeapDumpPath=c:\Users\rapha\AppData\Roaming\Code\User\workspaceStorage\4736418851ab1ec7522416bcb281f0d8\redhat.java -Daether.dependencyCollector.impl=bf c:\Users\rapha\.vscode\extensions\redhat.java-1.54.0-win32-x64\server\plugins\org.eclipse.equinox.launcher_1.7.100.v20251111-0406.jar -configuration c:\Users\rapha\AppData\Roaming\Code\User\globalStorage\redhat.java\1.54.0\config_win -data c:\Users\rapha\AppData\Roaming\Code\User\workspaceStorage\4736418851ab1ec7522416bcb281f0d8\redhat.java\jdt_ws --pipe=\\.\pipe\lsp-e314046086073342a04e641c31544449-sock

Host: AMD Ryzen 5 5500U with Radeon Graphics         , 12 cores, 5G,  Windows 11 , 64 bit Build 26100 (10.0.26100.8328)
Time: Tue May 26 21:54:00 2026 Hora oficial do Brasil elapsed time: 79573.307630 seconds (0d 22h 6m 13s)

---------------  T H R E A D  ---------------

Current thread (0x000001eac0f37c80):  JavaThread "Attach Listener" daemon [_thread_in_vm, id=7540, stack(0x00000082b0800000,0x00000082b0900000) (1024K)]

Stack: [0x00000082b0800000,0x00000082b0900000]
Native frames: (J=compiled Java code, j=interpreted, Vv=VM code, C=native code)
V  [jvm.dll+0x6d7a39]
V  [jvm.dll+0x8b4b26]
V  [jvm.dll+0x8b70de]
V  [jvm.dll+0x8b77c3]
V  [jvm.dll+0x284346]
V  [jvm.dll+0xc1277]
V  [jvm.dll+0x6d82e9]
V  [jvm.dll+0x1334a6]
V  [jvm.dll+0x3f857e]
V  [jvm.dll+0x85f59d]
V  [jvm.dll+0x6d626d]
C  [ucrtbase.dll+0x37b0]
C  [KERNEL32.DLL+0x2e957]
C  [ntdll.dll+0x427c]


---------------  P R O C E S S  ---------------

Threads class SMR info:
_java_thread_list=0x000001eb20d38b10, length=54, elements={
0x000001eac0fa4730, 0x000001eac0f2b8b0, 0x000001eac104d110, 0x000001eac0f36240,
0x000001eac0f37c80, 0x000001eac0f375f0, 0x000001eac0f35520, 0x000001eb19ce9a50,
0x000001eb19ceb8b0, 0x000001eac0f368d0, 0x000001eac0f38310, 0x000001eac0f389a0,
0x000001eac0f35bb0, 0x000001eac0f36f60, 0x000001eb1f555940, 0x000001eb1f555fd0,
0x000001eb1f554590, 0x000001eb1f5552b0, 0x000001eb1f5580a0, 0x000001eb1f557380,
0x000001eb1f559ae0, 0x000001eb1f558730, 0x000001eb1f55a170, 0x000001eb1f558dc0,
0x000001eb1f559450, 0x000001eb1f556cf0, 0x000001eb1f55a800, 0x000001eb1f55bbb0,
0x000001eb1f55ae90, 0x000001eb1f55b520, 0x000001eb22430290, 0x000001eb224329f0,
0x000001eb22431cd0, 0x000001eb22433080, 0x000001eb22430fb0, 0x000001eb22432360,
0x000001eb22433710, 0x000001eb22433da0, 0x000001eb22430920, 0x000001eb224357e0,
0x000001eb22435150, 0x000001eb22435e70, 0x000001eb22437220, 0x000001eb22434430,
0x000001eb22434ac0, 0x000001eb22436500, 0x000001eb22436b90, 0x000001eb21f1c260,
0x000001eb21f1aeb0, 0x000001eb21f19470, 0x000001eb21f1a820, 0x000001eb21f20a90,
0x000001eb1f556660, 0x000001eb1f4d7350
}

Java Threads: ( => current thread )
  0x000001eac0fa4730 JavaThread "main"                              [_thread_blocked, id=17884, stack(0x00000082b0100000,0x00000082b0200000) (1024K)]
  0x000001eac0f2b8b0 JavaThread "Reference Handler"          daemon [_thread_blocked, id=6772, stack(0x00000082b0500000,0x00000082b0600000) (1024K)]
  0x000001eac104d110 JavaThread "Finalizer"                  daemon [_thread_blocked, id=33444, stack(0x00000082b0600000,0x00000082b0700000) (1024K)]
  0x000001eac0f36240 JavaThread "Signal Dispatcher"          daemon [_thread_blocked, id=31228, stack(0x00000082b0700000,0x00000082b0800000) (1024K)]
=>0x000001eac0f37c80 JavaThread "Attach Listener"            daemon [_thread_in_vm, id=7540, stack(0x00000082b0800000,0x00000082b0900000) (1024K)]
  0x000001eac0f375f0 JavaThread "Service Thread"             daemon [_thread_blocked, id=11084, stack(0x00000082b0900000,0x00000082b0a00000) (1024K)]
  0x000001eac0f35520 JavaThread "Monitor Deflation Thread"   daemon [_thread_blocked, id=28088, stack(0x00000082b0a00000,0x00000082b0b00000) (1024K)]
  0x000001eb19ce9a50 JavaThread "C2 CompilerThread0"         daemon [_thread_blocked, id=5140, stack(0x00000082b0b00000,0x00000082b0c00000) (1024K)]
  0x000001eb19ceb8b0 JavaThread "C1 CompilerThread0"         daemon [_thread_blocked, id=22236, stack(0x00000082b0c00000,0x00000082b0d00000) (1024K)]
  0x000001eac0f368d0 JavaThread "Common-Cleaner"             daemon [_thread_blocked, id=14504, stack(0x00000082b0d00000,0x00000082b0e00000) (1024K)]
  0x000001eac0f38310 JavaThread "Notification Thread"        daemon [_thread_blocked, id=20956, stack(0x00000082b0f00000,0x00000082b1000000) (1024K)]
  0x000001eac0f389a0 JavaThread "Active Thread: Equinox Container: c326495f-b7b6-48dd-be9a-d221b9bc8ab3"        [_thread_blocked, id=28924, stack(0x00000082b1600000,0x00000082b1700000) (1024K)]
  0x000001eac0f35bb0 JavaThread "Refresh Thread: Equinox Container: c326495f-b7b6-48dd-be9a-d221b9bc8ab3" daemon [_thread_blocked, id=9184, stack(0x00000082b0e00000,0x00000082b0f00000) (1024K)]
  0x000001eac0f36f60 JavaThread "Framework Event Dispatcher: Equinox Container: c326495f-b7b6-48dd-be9a-d221b9bc8ab3" daemon [_thread_blocked, id=16844, stack(0x00000082b1800000,0x00000082b1900000) (1024K)]
  0x000001eb1f555940 JavaThread "Start Level: Equinox Container: c326495f-b7b6-48dd-be9a-d221b9bc8ab3" daemon [_thread_blocked, id=27008, stack(0x00000082b1900000,0x00000082b1a00000) (1024K)]
  0x000001eb1f555fd0 JavaThread "Bundle File Closer"         daemon [_thread_blocked, id=29584, stack(0x00000082b1d00000,0x00000082b1e00000) (1024K)]
  0x000001eb1f554590 JavaThread "SCR Component Actor"        daemon [_thread_blocked, id=10920, stack(0x00000082b1a00000,0x00000082b1b00000) (1024K)]
  0x000001eb1f5552b0 JavaThread "Worker-JM"                         [_thread_blocked, id=10480, stack(0x00000082b1e00000,0x00000082b1f00000) (1024K)]
  0x000001eb1f5580a0 JavaThread "JNA Cleaner"                daemon [_thread_blocked, id=6072, stack(0x00000082b2000000,0x00000082b2100000) (1024K)]
  0x000001eb1f557380 JavaThread "Worker-0: Building"                [_thread_blocked, id=11424, stack(0x00000082b2100000,0x00000082b2200000) (1024K)]
  0x000001eb1f559ae0 JavaThread "Worker-1"                          [_thread_blocked, id=18996, stack(0x00000082b2200000,0x00000082b2300000) (1024K)]
  0x000001eb1f558730 JavaThread "Worker-2: Initialize Workspace"        [_thread_blocked, id=23584, stack(0x00000082b2300000,0x00000082b2400000) (1024K)]
  0x000001eb1f55a170 JavaThread "Java indexing"              daemon [_thread_blocked, id=25792, stack(0x00000082b2400000,0x00000082b2500000) (1024K)]
  0x000001eb1f558dc0 JavaThread "Worker-3: Compacting resource model"        [_thread_blocked, id=18884, stack(0x00000082b2800000,0x00000082b2900000) (1024K)]
  0x000001eb1f559450 JavaThread "Worker-4"                          [_thread_blocked, id=27264, stack(0x00000082b2900000,0x00000082b2a00000) (1024K)]
  0x000001eb1f556cf0 JavaThread "Thread-1"                   daemon [_thread_in_native, id=15912, stack(0x00000082b2a00000,0x00000082b2b00000) (1024K)]
  0x000001eb1f55a800 JavaThread "Thread-2"                   daemon [_thread_in_native, id=30764, stack(0x00000082b2b00000,0x00000082b2c00000) (1024K)]
  0x000001eb1f55bbb0 JavaThread "Thread-3"                   daemon [_thread_in_native, id=6504, stack(0x00000082b2c00000,0x00000082b2d00000) (1024K)]
  0x000001eb1f55ae90 JavaThread "Thread-4"                   daemon [_thread_in_native, id=10200, stack(0x00000082b2d00000,0x00000082b2e00000) (1024K)]
  0x000001eb1f55b520 JavaThread "Thread-5"                   daemon [_thread_in_native, id=9928, stack(0x00000082b2e00000,0x00000082b2f00000) (1024K)]
  0x000001eb22430290 JavaThread "Thread-6"                   daemon [_thread_in_native, id=23848, stack(0x00000082b2f00000,0x00000082b3000000) (1024K)]
  0x000001eb224329f0 JavaThread "Thread-7"                   daemon [_thread_in_native, id=20396, stack(0x00000082b3000000,0x00000082b3100000) (1024K)]
  0x000001eb22431cd0 JavaThread "Thread-8"                   daemon [_thread_in_native, id=26544, stack(0x00000082b3100000,0x00000082b3200000) (1024K)]
  0x000001eb22433080 JavaThread "Thread-9"                   daemon [_thread_in_native, id=21496, stack(0x00000082b3200000,0x00000082b3300000) (1024K)]
  0x000001eb22430fb0 JavaThread "Thread-10"                  daemon [_thread_in_native, id=9416, stack(0x00000082b3300000,0x00000082b3400000) (1024K)]
  0x000001eb22432360 JavaThread "Thread-11"                  daemon [_thread_in_native, id=32464, stack(0x00000082b3400000,0x00000082b3500000) (1024K)]
  0x000001eb22433710 JavaThread "Thread-12"                  daemon [_thread_in_native, id=33488, stack(0x00000082b3500000,0x00000082b3600000) (1024K)]
  0x000001eb22433da0 JavaThread "Thread-13"                  daemon [_thread_in_native, id=20192, stack(0x00000082b3600000,0x00000082b3700000) (1024K)]
  0x000001eb22430920 JavaThread "pool-2-thread-1"                   [_thread_blocked, id=17288, stack(0x00000082b3700000,0x00000082b3800000) (1024K)]
  0x000001eb224357e0 JavaThread "WorkspaceEventsHandler"            [_thread_blocked, id=1508, stack(0x00000082b3800000,0x00000082b3900000) (1024K)]
  0x000001eb22435150 JavaThread "pool-1-thread-1"                   [_thread_blocked, id=19200, stack(0x00000082b3900000,0x00000082b3a00000) (1024K)]
  0x000001eb22435e70 JavaThread "ForkJoinPool.commonPool-worker-1" daemon [_thread_blocked, id=9024, stack(0x00000082b3b00000,0x00000082b3c00000) (1024K)]
  0x000001eb22437220 JavaThread "ForkJoinPool.commonPool-worker-2" daemon [_thread_blocked, id=22432, stack(0x00000082b3c00000,0x00000082b3d00000) (1024K)]
  0x000001eb22434430 JavaThread "ForkJoinPool.commonPool-worker-3" daemon [_thread_blocked, id=32020, stack(0x00000082b3d00000,0x00000082b3e00000) (1024K)]
  0x000001eb22434ac0 JavaThread "ForkJoinPool.commonPool-worker-4" daemon [_thread_blocked, id=8608, stack(0x00000082b3e00000,0x00000082b3f00000) (1024K)]
  0x000001eb22436500 JavaThread "ForkJoinPool.commonPool-worker-5" daemon [_thread_blocked, id=9120, stack(0x00000082b3f00000,0x00000082b4000000) (1024K)]
  0x000001eb22436b90 JavaThread "ForkJoinPool.commonPool-worker-6" daemon [_thread_blocked, id=33504, stack(0x00000082b4000000,0x00000082b4100000) (1024K)]
  0x000001eb21f1c260 JavaThread "ForkJoinPool.commonPool-worker-7" daemon [_thread_blocked, id=19736, stack(0x00000082b4100000,0x00000082b4200000) (1024K)]
  0x000001eb21f1aeb0 JavaThread "ForkJoinPool.commonPool-worker-8" daemon [_thread_blocked, id=4656, stack(0x00000082b4200000,0x00000082b4300000) (1024K)]
  0x000001eb21f19470 JavaThread "ForkJoinPool.commonPool-worker-9" daemon [_thread_blocked, id=4152, stack(0x00000082b4300000,0x00000082b4400000) (1024K)]
  0x000001eb21f1a820 JavaThread "ForkJoinPool.commonPool-worker-10" daemon [_thread_blocked, id=31268, stack(0x00000082b4400000,0x00000082b4500000) (1024K)]
  0x000001eb21f20a90 JavaThread "Worker-5"                          [_thread_blocked, id=24108, stack(0x00000082b1f00000,0x00000082b2000000) (1024K)]
  0x000001eb1f556660 JavaThread "Worker-6"                          [_thread_blocked, id=14892, stack(0x00000082b5200000,0x00000082b5300000) (1024K)]
  0x000001eb1f4d7350 JavaThread "Cleaner-0"                  daemon [_thread_blocked, id=9864, stack(0x00000082b0000000,0x00000082b0100000) (1024K)]
Total: 54

Other Threads:
  0x000001eac0f24270 VMThread "VM Thread"                           [id=32720, stack(0x00000082b0400000,0x00000082b0500000) (1024K)] _threads_hazard_ptr=0x000001eb20d38b10
  0x000001eac0e1ca00 WatcherThread "VM Periodic Task Thread"        [id=32296, stack(0x00000082b0300000,0x00000082b0400000) (1024K)]
  0x000001eac0fbb9a0 WorkerThread "GC Thread#0"                     [id=12028, stack(0x00000082b0200000,0x00000082b0300000) (1024K)]
  0x000001eb1f12ba40 WorkerThread "GC Thread#1"                     [id=16772, stack(0x00000082b1000000,0x00000082b1100000) (1024K)]
  0x000001eb1f563e30 WorkerThread "GC Thread#2"                     [id=16168, stack(0x00000082b1100000,0x00000082b1200000) (1024K)]
  0x000001eb1f7fe780 WorkerThread "GC Thread#3"                     [id=31816, stack(0x00000082b1200000,0x00000082b1300000) (1024K)]
  0x000001eb1f7feb30 WorkerThread "GC Thread#4"                     [id=8392, stack(0x00000082b1300000,0x00000082b1400000) (1024K)]
  0x000001eb1f45e8e0 WorkerThread "GC Thread#5"                     [id=10288, stack(0x00000082b1400000,0x00000082b1500000) (1024K)]
  0x000001eb1f45ec90 WorkerThread "GC Thread#6"                     [id=21432, stack(0x00000082b1500000,0x00000082b1600000) (1024K)]
  0x000001eb1f8ff210 WorkerThread "GC Thread#7"                     [id=10204, stack(0x00000082b1700000,0x00000082b1800000) (1024K)]
  0x000001eb19e36210 WorkerThread "GC Thread#8"                     [id=4180, stack(0x00000082b1b00000,0x00000082b1c00000) (1024K)]
  0x000001eb1f4fa710 WorkerThread "GC Thread#9"                     [id=10232, stack(0x00000082b1c00000,0x00000082b1d00000) (1024K)]
Total: 12

Threads with active compile tasks:
Total: 0

VM state: synchronizing (normal execution)

VM Mutex/Monitor currently owned by a thread:  ([mutex/lock_event])
[0x00007ffa1ec7e560] Threads_lock - owner thread: 0x000001eac0f24270

Heap address: 0x0000000080000000, size: 2048 MB, Compressed Oops mode: 32-bit

CDS archive(s) mapped at: [0x000001ead8000000-0x000001ead8ba0000-0x000001ead8ba0000), size 12189696, SharedBaseAddress: 0x000001ead8000000, ArchiveRelocationMode: 1.
Compressed class space mapped at: 0x000001ead9000000-0x000001eb19000000, reserved size: 1073741824
Narrow klass base: 0x000001ead8000000, Narrow klass shift: 0, Narrow klass range: 0x100000000

GC Precious Log:
 CardTable entry size: 512
 CPUs: 12 total, 12 available
 Memory: 5989M
 Large Page Support: Disabled
 NUMA Support: Disabled
 Compressed Oops: Enabled (32-bit)
 Alignments: Space 512K, Generation 512K, Heap 2M
 Heap Min Capacity: 100M
 Heap Initial Capacity: 100M
 Heap Max Capacity: 2G
 Pre-touch: Disabled
 Parallel Workers: 10

Heap:
 PSYoungGen      total 16384K, used 8806K [0x00000000d5580000, 0x00000000d6780000, 0x0000000100000000)
  eden space 15360K, 53% used [0x00000000d5580000,0x00000000d5d91a30,0x00000000d6480000)
  from space 1024K, 53% used [0x00000000d6680000,0x00000000d6708000,0x00000000d6780000)
  to   space 1024K, 0% used [0x00000000d6580000,0x00000000d6580000,0x00000000d6680000)
 ParOldGen       total 96768K, used 96443K [0x0000000080000000, 0x0000000085e80000, 0x00000000d5580000)
  object space 96768K, 99% used [0x0000000080000000,0x0000000085e2eff0,0x0000000085e80000)
 Metaspace       used 72300K, committed 73792K, reserved 1179648K
  class space    used 7683K, committed 8320K, reserved 1048576K

Card table byte_map: [0x000001eac0930000,0x000001eac0d40000] _byte_map_base: 0x000001eac0530000

Marking Bits: (ParMarkBitMap*) 0x00007ffa1ec83450
 Begin Bits: [0x000001ead3440000, 0x000001ead5440000)
 End Bits:   [0x000001ead5440000, 0x000001ead7440000)

Polling page: 0x000001eabeb50000

Metaspace:

Usage:
  Non-class:     63.10 MB used.
      Class:      7.50 MB used.
       Both:     70.61 MB used.

Virtual space:
  Non-class space:      128.00 MB reserved,      63.94 MB ( 50%) committed,  2 nodes.
      Class space:        1.00 GB reserved,       8.12 MB ( <1%) committed,  1 nodes.
             Both:        1.12 GB reserved,      72.06 MB (  6%) committed. 

Chunk freelists:
   Non-Class:  15.27 MB
       Class:  7.81 MB
        Both:  23.08 MB

MaxMetaspaceSize: unlimited
CompressedClassSpaceSize: 1.00 GB
Initial GC threshold: 21.00 MB
Current GC threshold: 97.31 MB
CDS: on
 - commit_granule_bytes: 65536.
 - commit_granule_words: 8192.
 - virtual_space_node_default_size: 8388608.
 - enlarge_chunks_in_place: 1.
 - use_allocation_guard: 0.


Internal statistics:

num_allocs_failed_limit: 9.
num_arena_births: 1282.
num_arena_deaths: 14.
num_vsnodes_births: 3.
num_vsnodes_deaths: 0.
num_space_committed: 1153.
num_space_uncommitted: 0.
num_chunks_returned_to_freelist: 23.
num_chunks_taken_from_freelist: 4638.
num_chunk_merges: 10.
num_chunk_splits: 2783.
num_chunks_enlarged: 1451.
num_inconsistent_stats: 0.

CodeHeap 'non-profiled nmethods': size=120000Kb used=7855Kb max_used=7855Kb free=112144Kb
 bounds [0x000001eacbc60000, 0x000001eacc410000, 0x000001ead3190000]
CodeHeap 'profiled nmethods': size=120000Kb used=25622Kb max_used=25622Kb free=94377Kb
 bounds [0x000001eac4190000, 0x000001eac5aa0000, 0x000001eacb6c0000]
CodeHeap 'non-nmethods': size=5760Kb used=1479Kb max_used=1526Kb free=4280Kb
 bounds [0x000001eacb6c0000, 0x000001eacb930000, 0x000001eacbc60000]
CodeCache: size=245760Kb, used=34956Kb, max_used=35003Kb, free=210801Kb
 total_blobs=12290, nmethods=11489, adapters=705, full_count=0
Compilation: enabled, stopped_count=0, restarted_count=0

Compilation events (20 events):
Event: 79548.406 Thread 0x000001eb19ceb8b0 12331       3       org.apache.maven.model.io.xpp3.MavenXpp3Reader::read (149 bytes)
Event: 79548.484 Thread 0x000001eb19ceb8b0 nmethod 12331 0x000001eac5a8de90 code [0x000001eac5a8e1c0, 0x000001eac5a8f020]
Event: 79549.152 Thread 0x000001eb19ce9a50 12332   !   4       org.eclipse.osgi.internal.hooks.EclipseLazyStarter::postFindLocalClass (394 bytes)
Event: 79549.381 Thread 0x000001eb19ceb8b0 12334       3       org.apache.maven.model.building.ModelData::<init> (32 bytes)
Event: 79549.416 Thread 0x000001eb19ceb8b0 nmethod 12334 0x000001eac5a8f610 code [0x000001eac5a8f7c0, 0x000001eac5a8fa00]
Event: 79549.851 Thread 0x000001eb19ceb8b0 12337       3       org.codehaus.plexus.interpolation.reflection.ReflectionValueExtractor::evaluate (242 bytes)
Event: 79549.987 Thread 0x000001eb19ceb8b0 nmethod 12337 0x000001eac5a8fb10 code [0x000001eac5a90060, 0x000001eac5a92710]
Event: 79550.260 Thread 0x000001eb19ce9a50 nmethod 12332 0x000001eacc405410 code [0x000001eacc405740, 0x000001eacc406748]
Event: 79550.266 Thread 0x000001eb19ceb8b0 12338       3       org.apache.maven.artifact.DefaultArtifact::getId (30 bytes)
Event: 79550.270 Thread 0x000001eb19ce9a50 12333   !   4       org.codehaus.plexus.util.xml.pull.MXParser::parseComment (590 bytes)
Event: 79550.286 Thread 0x000001eb19ceb8b0 nmethod 12338 0x000001eac5a93690 code [0x000001eac5a93900, 0x000001eac5a94068]
Event: 79550.286 Thread 0x000001eb19ceb8b0 12339       3       org.apache.maven.artifact.DefaultArtifact::getDependencyConflictId (37 bytes)
Event: 79550.292 Thread 0x000001eb19ceb8b0 nmethod 12339 0x000001eac5a94310 code [0x000001eac5a94540, 0x000001eac5a94a70]
Event: 79550.292 Thread 0x000001eb19ceb8b0 12340       3       org.apache.maven.artifact.DefaultArtifact::appendArtifactTypeClassifierString (49 bytes)
Event: 79550.297 Thread 0x000001eb19ceb8b0 nmethod 12340 0x000001eac5a94d10 code [0x000001eac5a94f60, 0x000001eac5a95670]
Event: 79550.382 Thread 0x000001eb19ce9a50 nmethod 12333 0x000001eacc407710 code [0x000001eacc4079a0, 0x000001eacc408318]
Event: 79550.382 Thread 0x000001eb19ce9a50 12336       4       java.util.LinkedHashMap::valuesToArray (80 bytes)
Event: 79550.513 Thread 0x000001eb19ce9a50 nmethod 12336 0x000001eacc408b90 code [0x000001eacc408d20, 0x000001eacc408f90]
Event: 79550.513 Thread 0x000001eb19ce9a50 12335       4       org.eclipse.sisu.wire.EntryListAdapter$ValueIterator::next (18 bytes)
Event: 79550.899 Thread 0x000001eb19ce9a50 nmethod 12335 0x000001eacc409110 code [0x000001eacc4094e0, 0x000001eacc40adc8]

GC Heap History (20 events):
Event: 82.252 GC heap before
{Heap before GC invocations=112 (full 3):
 PSYoungGen      total 15872K, used 15778K [0x00000000d5580000, 0x00000000d6680000, 0x0000000100000000)
  eden space 15360K, 100% used [0x00000000d5580000,0x00000000d6480000,0x00000000d6480000)
  from space 512K, 81% used [0x00000000d6600000,0x00000000d6668800,0x00000000d6680000)
  to   space 512K, 0% used [0x00000000d6580000,0x00000000d6580000,0x00000000d6600000)
 ParOldGen       total 91136K, used 91046K [0x0000000080000000, 0x0000000085900000, 0x00000000d5580000)
  object space 91136K, 99% used [0x0000000080000000,0x00000000858e9b60,0x0000000085900000)
 Metaspace       used 66770K, committed 68224K, reserved 1114112K
  class space    used 7127K, committed 7744K, reserved 1048576K
}
Event: 82.253 GC heap after
{Heap after GC invocations=112 (full 3):
 PSYoungGen      total 15872K, used 416K [0x00000000d5580000, 0x00000000d6680000, 0x0000000100000000)
  eden space 15360K, 0% used [0x00000000d5580000,0x00000000d5580000,0x00000000d6480000)
  from space 512K, 81% used [0x00000000d6580000,0x00000000d65e8000,0x00000000d6600000)
  to   space 512K, 0% used [0x00000000d6600000,0x00000000d6600000,0x00000000d6680000)
 ParOldGen       total 91648K, used 91288K [0x0000000080000000, 0x0000000085980000, 0x00000000d5580000)
  object space 91648K, 99% used [0x0000000080000000,0x0000000085926360,0x0000000085980000)
 Metaspace       used 66770K, committed 68224K, reserved 1114112K
  class space    used 7127K, committed 7744K, reserved 1048576K
}
Event: 82.369 GC heap before
{Heap before GC invocations=113 (full 3):
 PSYoungGen      total 15872K, used 15776K [0x00000000d5580000, 0x00000000d6680000, 0x0000000100000000)
  eden space 15360K, 100% used [0x00000000d5580000,0x00000000d6480000,0x00000000d6480000)
  from space 512K, 81% used [0x00000000d6580000,0x00000000d65e8000,0x00000000d6600000)
  to   space 512K, 0% used [0x00000000d6600000,0x00000000d6600000,0x00000000d6680000)
 ParOldGen       total 91648K, used 91288K [0x0000000080000000, 0x0000000085980000, 0x00000000d5580000)
  object space 91648K, 99% used [0x0000000080000000,0x0000000085926360,0x0000000085980000)
 Metaspace       used 67126K, committed 68608K, reserved 1114112K
  class space    used 7154K, committed 7808K, reserved 1048576K
}
Event: 82.371 GC heap after
{Heap after GC invocations=113 (full 3):
 PSYoungGen      total 15872K, used 512K [0x00000000d5580000, 0x00000000d6780000, 0x0000000100000000)
  eden space 15360K, 0% used [0x00000000d5580000,0x00000000d5580000,0x00000000d6480000)
  from space 512K, 100% used [0x00000000d6600000,0x00000000d6680000,0x00000000d6680000)
  to   space 1536K, 0% used [0x00000000d6480000,0x00000000d6480000,0x00000000d6600000)
 ParOldGen       total 92160K, used 91776K [0x0000000080000000, 0x0000000085a00000, 0x00000000d5580000)
  object space 92160K, 99% used [0x0000000080000000,0x00000000859a0360,0x0000000085a00000)
 Metaspace       used 67126K, committed 68608K, reserved 1114112K
  class space    used 7154K, committed 7808K, reserved 1048576K
}
Event: 82.529 GC heap before
{Heap before GC invocations=114 (full 3):
 PSYoungGen      total 15872K, used 15872K [0x00000000d5580000, 0x00000000d6780000, 0x0000000100000000)
  eden space 15360K, 100% used [0x00000000d5580000,0x00000000d6480000,0x00000000d6480000)
  from space 512K, 100% used [0x00000000d6600000,0x00000000d6680000,0x00000000d6680000)
  to   space 1536K, 0% used [0x00000000d6480000,0x00000000d6480000,0x00000000d6600000)
 ParOldGen       total 92160K, used 91776K [0x0000000080000000, 0x0000000085a00000, 0x00000000d5580000)
  object space 92160K, 99% used [0x0000000080000000,0x00000000859a0360,0x0000000085a00000)
 Metaspace       used 67536K, committed 69056K, reserved 1114112K
  class space    used 7216K, committed 7872K, reserved 1048576K
}
Event: 82.531 GC heap after
{Heap after GC invocations=114 (full 3):
 PSYoungGen      total 16896K, used 1280K [0x00000000d5580000, 0x00000000d6780000, 0x0000000100000000)
  eden space 15360K, 0% used [0x00000000d5580000,0x00000000d5580000,0x00000000d6480000)
  from space 1536K, 83% used [0x00000000d6480000,0x00000000d65c0010,0x00000000d6600000)
  to   space 1536K, 0% used [0x00000000d6600000,0x00000000d6600000,0x00000000d6780000)
 ParOldGen       total 92672K, used 92272K [0x0000000080000000, 0x0000000085a80000, 0x00000000d5580000)
  object space 92672K, 99% used [0x0000000080000000,0x0000000085a1c360,0x0000000085a80000)
 Metaspace       used 67536K, committed 69056K, reserved 1114112K
  class space    used 7216K, committed 7872K, reserved 1048576K
}
Event: 83.098 GC heap before
{Heap before GC invocations=115 (full 3):
 PSYoungGen      total 16896K, used 16640K [0x00000000d5580000, 0x00000000d6780000, 0x0000000100000000)
  eden space 15360K, 100% used [0x00000000d5580000,0x00000000d6480000,0x00000000d6480000)
  from space 1536K, 83% used [0x00000000d6480000,0x00000000d65c0010,0x00000000d6600000)
  to   space 1536K, 0% used [0x00000000d6600000,0x00000000d6600000,0x00000000d6780000)
 ParOldGen       total 92672K, used 92272K [0x0000000080000000, 0x0000000085a80000, 0x00000000d5580000)
  object space 92672K, 99% used [0x0000000080000000,0x0000000085a1c360,0x0000000085a80000)
 Metaspace       used 69085K, committed 70592K, reserved 1114112K
  class space    used 7372K, committed 8064K, reserved 1048576K
}
Event: 83.101 GC heap after
{Heap after GC invocations=115 (full 3):
 PSYoungGen      total 16896K, used 1088K [0x00000000d5580000, 0x00000000d6780000, 0x0000000100000000)
  eden space 15360K, 0% used [0x00000000d5580000,0x00000000d5580000,0x00000000d6480000)
  from space 1536K, 70% used [0x00000000d6600000,0x00000000d6710000,0x00000000d6780000)
  to   space 1536K, 0% used [0x00000000d6480000,0x00000000d6480000,0x00000000d6600000)
 ParOldGen       total 93696K, used 93249K [0x0000000080000000, 0x0000000085b80000, 0x00000000d5580000)
  object space 93696K, 99% used [0x0000000080000000,0x0000000085b107e0,0x0000000085b80000)
 Metaspace       used 69085K, committed 70592K, reserved 1114112K
  class space    used 7372K, committed 8064K, reserved 1048576K
}
Event: 84.025 GC heap before
{Heap before GC invocations=116 (full 3):
 PSYoungGen      total 16896K, used 16430K [0x00000000d5580000, 0x00000000d6780000, 0x0000000100000000)
  eden space 15360K, 99% used [0x00000000d5580000,0x00000000d647b8b8,0x00000000d6480000)
  from space 1536K, 70% used [0x00000000d6600000,0x00000000d6710000,0x00000000d6780000)
  to   space 1536K, 0% used [0x00000000d6480000,0x00000000d6480000,0x00000000d6600000)
 ParOldGen       total 93696K, used 93249K [0x0000000080000000, 0x0000000085b80000, 0x00000000d5580000)
  object space 93696K, 99% used [0x0000000080000000,0x0000000085b107e0,0x0000000085b80000)
 Metaspace       used 70382K, committed 71936K, reserved 1114112K
  class space    used 7483K, committed 8192K, reserved 1048576K
}
Event: 84.027 GC heap after
{Heap after GC invocations=116 (full 3):
 PSYoungGen      total 16896K, used 1508K [0x00000000d5580000, 0x00000000d6a80000, 0x0000000100000000)
  eden space 15360K, 0% used [0x00000000d5580000,0x00000000d5580000,0x00000000d6480000)
  from space 1536K, 98% used [0x00000000d6480000,0x00000000d65f93d8,0x00000000d6600000)
  to   space 3072K, 0% used [0x00000000d6780000,0x00000000d6780000,0x00000000d6a80000)
 ParOldGen       total 94208K, used 94185K [0x0000000080000000, 0x0000000085c00000, 0x00000000d5580000)
  object space 94208K, 99% used [0x0000000080000000,0x0000000085bfa7f0,0x0000000085c00000)
 Metaspace       used 70382K, committed 71936K, reserved 1114112K
  class space    used 7483K, committed 8192K, reserved 1048576K
}
Event: 84.285 GC heap before
{Heap before GC invocations=117 (full 3):
 PSYoungGen      total 16896K, used 16868K [0x00000000d5580000, 0x00000000d6a80000, 0x0000000100000000)
  eden space 15360K, 100% used [0x00000000d5580000,0x00000000d6480000,0x00000000d6480000)
  from space 1536K, 98% used [0x00000000d6480000,0x00000000d65f93d8,0x00000000d6600000)
  to   space 3072K, 0% used [0x00000000d6780000,0x00000000d6780000,0x00000000d6a80000)
 ParOldGen       total 94208K, used 94185K [0x0000000080000000, 0x0000000085c00000, 0x00000000d5580000)
  object space 94208K, 99% used [0x0000000080000000,0x0000000085bfa7f0,0x0000000085c00000)
 Metaspace       used 70904K, committed 72384K, reserved 1114112K
  class space    used 7530K, committed 8192K, reserved 1048576K
}
Event: 84.289 GC heap after
{Heap after GC invocations=117 (full 3):
 PSYoungGen      total 17920K, used 2062K [0x00000000d5580000, 0x00000000d6a00000, 0x0000000100000000)
  eden space 15360K, 0% used [0x00000000d5580000,0x00000000d5580000,0x00000000d6480000)
  from space 2560K, 80% used [0x00000000d6780000,0x00000000d6983ae0,0x00000000d6a00000)
  to   space 2560K, 0% used [0x00000000d6500000,0x00000000d6500000,0x00000000d6780000)
 ParOldGen       total 95744K, used 95635K [0x0000000080000000, 0x0000000085d80000, 0x00000000d5580000)
  object space 95744K, 99% used [0x0000000080000000,0x0000000085d64f90,0x0000000085d80000)
 Metaspace       used 70904K, committed 72384K, reserved 1114112K
  class space    used 7530K, committed 8192K, reserved 1048576K
}
Event: 84.538 GC heap before
{Heap before GC invocations=118 (full 3):
 PSYoungGen      total 17920K, used 17351K [0x00000000d5580000, 0x00000000d6a00000, 0x0000000100000000)
  eden space 15360K, 99% used [0x00000000d5580000,0x00000000d646e140,0x00000000d6480000)
  from space 2560K, 80% used [0x00000000d6780000,0x00000000d6983ae0,0x00000000d6a00000)
  to   space 2560K, 0% used [0x00000000d6500000,0x00000000d6500000,0x00000000d6780000)
 ParOldGen       total 95744K, used 95635K [0x0000000080000000, 0x0000000085d80000, 0x00000000d5580000)
  object space 95744K, 99% used [0x0000000080000000,0x0000000085d64f90,0x0000000085d80000)
 Metaspace       used 71018K, committed 72576K, reserved 1114112K
  class space    used 7544K, committed 8256K, reserved 1048576K
}
Event: 84.540 GC heap after
{Heap after GC invocations=118 (full 3):
 PSYoungGen      total 15872K, used 372K [0x00000000d5580000, 0x00000000d6800000, 0x0000000100000000)
  eden space 15360K, 0% used [0x00000000d5580000,0x00000000d5580000,0x00000000d6480000)
  from space 512K, 72% used [0x00000000d6500000,0x00000000d655d200,0x00000000d6580000)
  to   space 1024K, 0% used [0x00000000d6700000,0x00000000d6700000,0x00000000d6800000)
 ParOldGen       total 96256K, used 95979K [0x0000000080000000, 0x0000000085e00000, 0x00000000d5580000)
  object space 96256K, 99% used [0x0000000080000000,0x0000000085dbafb0,0x0000000085e00000)
 Metaspace       used 71018K, committed 72576K, reserved 1114112K
  class space    used 7544K, committed 8256K, reserved 1048576K
}
Event: 85.010 GC heap before
{Heap before GC invocations=119 (full 3):
 PSYoungGen      total 15872K, used 15732K [0x00000000d5580000, 0x00000000d6800000, 0x0000000100000000)
  eden space 15360K, 100% used [0x00000000d5580000,0x00000000d6480000,0x00000000d6480000)
  from space 512K, 72% used [0x00000000d6500000,0x00000000d655d200,0x00000000d6580000)
  to   space 1024K, 0% used [0x00000000d6700000,0x00000000d6700000,0x00000000d6800000)
 ParOldGen       total 96256K, used 95979K [0x0000000080000000, 0x0000000085e00000, 0x00000000d5580000)
  object space 96256K, 99% used [0x0000000080000000,0x0000000085dbafb0,0x0000000085e00000)
 Metaspace       used 71187K, committed 72640K, reserved 1114112K
  class space    used 7554K, committed 8256K, reserved 1048576K
}
Event: 85.011 GC heap after
{Heap after GC invocations=119 (full 3):
 PSYoungGen      total 16384K, used 626K [0x00000000d5580000, 0x00000000d6800000, 0x0000000100000000)
  eden space 15360K, 0% used [0x00000000d5580000,0x00000000d5580000,0x00000000d6480000)
  from space 1024K, 61% used [0x00000000d6700000,0x00000000d679c830,0x00000000d6800000)
  to   space 1024K, 0% used [0x00000000d6600000,0x00000000d6600000,0x00000000d6700000)
 ParOldGen       total 96256K, used 96107K [0x0000000080000000, 0x0000000085e00000, 0x00000000d5580000)
  object space 96256K, 99% used [0x0000000080000000,0x0000000085ddafb0,0x0000000085e00000)
 Metaspace       used 71187K, committed 72640K, reserved 1114112K
  class space    used 7554K, committed 8256K, reserved 1048576K
}
Event: 87.243 GC heap before
{Heap before GC invocations=120 (full 3):
 PSYoungGen      total 16384K, used 15983K [0x00000000d5580000, 0x00000000d6800000, 0x0000000100000000)
  eden space 15360K, 99% used [0x00000000d5580000,0x00000000d647f5f0,0x00000000d6480000)
  from space 1024K, 61% used [0x00000000d6700000,0x00000000d679c830,0x00000000d6800000)
  to   space 1024K, 0% used [0x00000000d6600000,0x00000000d6600000,0x00000000d6700000)
 ParOldGen       total 96256K, used 96107K [0x0000000080000000, 0x0000000085e00000, 0x00000000d5580000)
  object space 96256K, 99% used [0x0000000080000000,0x0000000085ddafb0,0x0000000085e00000)
 Metaspace       used 71260K, committed 72768K, reserved 1114112K
  class space    used 7560K, committed 8256K, reserved 1048576K
}
Event: 87.245 GC heap after
{Heap after GC invocations=120 (full 3):
 PSYoungGen      total 15872K, used 459K [0x00000000d5580000, 0x00000000d6780000, 0x0000000100000000)
  eden space 15360K, 0% used [0x00000000d5580000,0x00000000d5580000,0x00000000d6480000)
  from space 512K, 89% used [0x00000000d6600000,0x00000000d6672fd0,0x00000000d6680000)
  to   space 1024K, 0% used [0x00000000d6680000,0x00000000d6680000,0x00000000d6780000)
 ParOldGen       total 96768K, used 96307K [0x0000000080000000, 0x0000000085e80000, 0x00000000d5580000)
  object space 96768K, 99% used [0x0000000080000000,0x0000000085e0cfd0,0x0000000085e80000)
 Metaspace       used 71260K, committed 72768K, reserved 1114112K
  class space    used 7560K, committed 8256K, reserved 1048576K
}
Event: 88.781 GC heap before
{Heap before GC invocations=121 (full 3):
 PSYoungGen      total 15872K, used 15819K [0x00000000d5580000, 0x00000000d6780000, 0x0000000100000000)
  eden space 15360K, 100% used [0x00000000d5580000,0x00000000d6480000,0x00000000d6480000)
  from space 512K, 89% used [0x00000000d6600000,0x00000000d6672fd0,0x00000000d6680000)
  to   space 1024K, 0% used [0x00000000d6680000,0x00000000d6680000,0x00000000d6780000)
 ParOldGen       total 96768K, used 96307K [0x0000000080000000, 0x0000000085e80000, 0x00000000d5580000)
  object space 96768K, 99% used [0x0000000080000000,0x0000000085e0cfd0,0x0000000085e80000)
 Metaspace       used 72093K, committed 73600K, reserved 1179648K
  class space    used 7651K, committed 8320K, reserved 1048576K
}
Event: 88.783 GC heap after
{Heap after GC invocations=121 (full 3):
 PSYoungGen      total 16384K, used 544K [0x00000000d5580000, 0x00000000d6780000, 0x0000000100000000)
  eden space 15360K, 0% used [0x00000000d5580000,0x00000000d5580000,0x00000000d6480000)
  from space 1024K, 53% used [0x00000000d6680000,0x00000000d6708000,0x00000000d6780000)
  to   space 1024K, 0% used [0x00000000d6580000,0x00000000d6580000,0x00000000d6680000)
 ParOldGen       total 96768K, used 96443K [0x0000000080000000, 0x0000000085e80000, 0x00000000d5580000)
  object space 96768K, 99% used [0x0000000080000000,0x0000000085e2eff0,0x0000000085e80000)
 Metaspace       used 72093K, committed 73600K, reserved 1179648K
  class space    used 7651K, committed 8320K, reserved 1048576K
}

Dll operation events (12 events):
Event: 0.012 Loaded shared library c:\Users\rapha\.vscode\extensions\redhat.java-1.54.0-win32-x64\jre\21.0.10-win32-x86_64\bin\java.dll
Event: 0.140 Loaded shared library c:\Users\rapha\.vscode\extensions\redhat.java-1.54.0-win32-x64\jre\21.0.10-win32-x86_64\bin\zip.dll
Event: 0.160 Loaded shared library C:\Users\rapha\.vscode\extensions\redhat.java-1.54.0-win32-x64\jre\21.0.10-win32-x86_64\bin\instrument.dll
Event: 0.165 Loaded shared library C:\Users\rapha\.vscode\extensions\redhat.java-1.54.0-win32-x64\jre\21.0.10-win32-x86_64\bin\net.dll
Event: 0.168 Loaded shared library C:\Users\rapha\.vscode\extensions\redhat.java-1.54.0-win32-x64\jre\21.0.10-win32-x86_64\bin\nio.dll
Event: 0.172 Loaded shared library C:\Users\rapha\.vscode\extensions\redhat.java-1.54.0-win32-x64\jre\21.0.10-win32-x86_64\bin\zip.dll
Event: 0.190 Loaded shared library C:\Users\rapha\.vscode\extensions\redhat.java-1.54.0-win32-x64\jre\21.0.10-win32-x86_64\bin\jimage.dll
Event: 0.270 Loaded shared library c:\Users\rapha\.vscode\extensions\redhat.java-1.54.0-win32-x64\jre\21.0.10-win32-x86_64\bin\verify.dll
Event: 22.421 Loaded shared library C:\Users\rapha\AppData\Roaming\Code\User\globalStorage\redhat.java\1.54.0\config_win\org.eclipse.equinox.launcher\org.eclipse.equinox.launcher.win32.win32.x86_64_1.3.0.v20260203-2149\eclipse_11919.dll
Event: 53.481 Loaded shared library C:\Users\rapha\AppData\Local\Temp\jna-979861249\jna9229915948973247953.dll
Event: 58.765 Loaded shared library C:\Users\rapha\.vscode\extensions\redhat.java-1.54.0-win32-x64\jre\21.0.10-win32-x86_64\bin\sunmscapi.dll
Event: 59.266 Loaded shared library C:\Users\rapha\.vscode\extensions\redhat.java-1.54.0-win32-x64\jre\21.0.10-win32-x86_64\bin\extnet.dll

Deoptimization events (20 events):
Event: 89.772 Thread 0x000001eb21f20a90 DEOPT PACKING pc=0x000001eacc3ddff0 sp=0x00000082b1fff260
Event: 89.772 Thread 0x000001eb21f20a90 DEOPT UNPACKING pc=0x000001eacb713aa2 sp=0x00000082b1fff218 mode 2
Event: 89.772 Thread 0x000001eb21f20a90 Uncommon trap: trap_request=0xffffffde fr.pc=0x000001eacc3ddff0 relative=0x0000000000000710
Event: 89.772 Thread 0x000001eb21f20a90 Uncommon trap: reason=class_check action=maybe_recompile pc=0x000001eacc3ddff0 method=org.eclipse.core.internal.dtree.DeltaDataTree.getData(Lorg/eclipse/core/runtime/IPath;)Ljava/lang/Object; @ 20 c2
Event: 89.772 Thread 0x000001eb21f20a90 DEOPT PACKING pc=0x000001eacc3ddff0 sp=0x00000082b1fff260
Event: 89.772 Thread 0x000001eb21f20a90 DEOPT UNPACKING pc=0x000001eacb713aa2 sp=0x00000082b1fff218 mode 2
Event: 89.772 Thread 0x000001eb21f20a90 Uncommon trap: trap_request=0xffffffde fr.pc=0x000001eacc3ddff0 relative=0x0000000000000710
Event: 89.772 Thread 0x000001eb21f20a90 Uncommon trap: reason=class_check action=maybe_recompile pc=0x000001eacc3ddff0 method=org.eclipse.core.internal.dtree.DeltaDataTree.getData(Lorg/eclipse/core/runtime/IPath;)Ljava/lang/Object; @ 20 c2
Event: 89.772 Thread 0x000001eb21f20a90 DEOPT PACKING pc=0x000001eacc3ddff0 sp=0x00000082b1fff260
Event: 89.772 Thread 0x000001eb21f20a90 DEOPT UNPACKING pc=0x000001eacb713aa2 sp=0x00000082b1fff218 mode 2
Event: 91.680 Thread 0x000001eb1f557380 Uncommon trap: trap_request=0xffffff45 fr.pc=0x000001eacc29a08c relative=0x0000000000002f0c
Event: 91.680 Thread 0x000001eb1f557380 Uncommon trap: reason=unstable_if action=reinterpret pc=0x000001eacc29a08c method=org.codehaus.plexus.util.xml.Xpp3DomBuilder.build(Lorg/codehaus/plexus/util/xml/pull/XmlPullParser;ZLorg/codehaus/plexus/util/xml/Xpp3DomBuilder$InputLocationBuilder;)Lorg/c
Event: 91.680 Thread 0x000001eb1f557380 DEOPT PACKING pc=0x000001eacc29a08c sp=0x00000082b21fd250
Event: 91.680 Thread 0x000001eb1f557380 DEOPT UNPACKING pc=0x000001eacb713aa2 sp=0x00000082b21fd230 mode 2
Event: 79472.142 Thread 0x000001eb1f558dc0 Uncommon trap: trap_request=0xffffff45 fr.pc=0x000001eacc3db3e0 relative=0x0000000000002420
Event: 79472.143 Thread 0x000001eb1f558dc0 Uncommon trap: reason=unstable_if action=reinterpret pc=0x000001eacc3db3e0 method=java.net.URI$Parser.parseHierarchical(II)I @ 42 c2
Event: 79472.143 Thread 0x000001eb1f558dc0 DEOPT PACKING pc=0x000001eacc3db3e0 sp=0x00000082b28ff380
Event: 79472.143 Thread 0x000001eb1f558dc0 DEOPT UNPACKING pc=0x000001eacb713aa2 sp=0x00000082b28ff2f0 mode 2
Event: 79549.311 Thread 0x000001eb1f557380 DEOPT PACKING pc=0x000001eac573284d sp=0x00000082b21fcc30
Event: 79549.328 Thread 0x000001eb1f557380 DEOPT UNPACKING pc=0x000001eacb714242 sp=0x00000082b21fc168 mode 0

Classes loaded (20 events):
Event: 83.583 Loading class jdk/internal/ref/CleanerImpl$InnocuousThreadFactory
Event: 83.599 Loading class jdk/internal/ref/CleanerImpl$InnocuousThreadFactory done
Event: 83.888 Loading class java/util/stream/DistinctOps
Event: 83.891 Loading class java/util/stream/DistinctOps done
Event: 83.891 Loading class java/util/stream/DistinctOps$1
Event: 83.891 Loading class java/util/stream/DistinctOps$1 done
Event: 83.894 Loading class java/util/stream/DistinctOps$1$2
Event: 83.894 Loading class java/util/stream/DistinctOps$1$2 done
Event: 84.553 Loading class java/util/HashMap$EntrySpliterator
Event: 84.555 Loading class java/util/HashMap$EntrySpliterator done
Event: 84.900 Loading class java/util/AbstractList$RandomAccessSubList
Event: 84.902 Loading class java/util/AbstractList$SubList
Event: 84.902 Loading class java/util/AbstractList$SubList done
Event: 84.903 Loading class java/util/AbstractList$RandomAccessSubList done
Event: 84.903 Loading class java/util/AbstractList$SubList$1
Event: 84.903 Loading class java/util/AbstractList$SubList$1 done
Event: 88.182 Loading class java/util/ImmutableCollections$SubList
Event: 88.184 Loading class java/util/ImmutableCollections$SubList done
Event: 88.311 Loading class java/util/zip/CheckedInputStream
Event: 88.312 Loading class java/util/zip/CheckedInputStream done

Classes unloaded (7 events):
Event: 54.597 Thread 0x000001eac0f24270 Unloading class 0x000001ead91a9000 'java/lang/invoke/LambdaForm$MH+0x000001ead91a9000'
Event: 54.598 Thread 0x000001eac0f24270 Unloading class 0x000001ead91a8c00 'java/lang/invoke/LambdaForm$MH+0x000001ead91a8c00'
Event: 54.598 Thread 0x000001eac0f24270 Unloading class 0x000001ead91a8800 'java/lang/invoke/LambdaForm$MH+0x000001ead91a8800'
Event: 54.598 Thread 0x000001eac0f24270 Unloading class 0x000001ead91a8400 'java/lang/invoke/LambdaForm$MH+0x000001ead91a8400'
Event: 54.598 Thread 0x000001eac0f24270 Unloading class 0x000001ead91a8000 'java/lang/invoke/LambdaForm$BMH+0x000001ead91a8000'
Event: 54.598 Thread 0x000001eac0f24270 Unloading class 0x000001ead91a7c00 'java/lang/invoke/LambdaForm$DMH+0x000001ead91a7c00'
Event: 54.598 Thread 0x000001eac0f24270 Unloading class 0x000001ead91a6800 'java/lang/invoke/LambdaForm$DMH+0x000001ead91a6800'

Classes redefined (0 events):
No events

Internal exceptions (20 events):
Event: 84.906 Thread 0x000001eb21f1a820 Exception <a 'sun/nio/fs/WindowsException'{0x00000000d59e36f0}> (0x00000000d59e36f0) 
thrown [s\src\hotspot\share\prims\jni.cpp, line 520]
Event: 84.906 Thread 0x000001eb21f1a820 Exception <a 'sun/nio/fs/WindowsException'{0x00000000d59e3fd0}> (0x00000000d59e3fd0) 
thrown [s\src\hotspot\share\prims\jni.cpp, line 520]
Event: 84.907 Thread 0x000001eb21f1a820 Exception <a 'sun/nio/fs/WindowsException'{0x00000000d59e6dd8}> (0x00000000d59e6dd8) 
thrown [s\src\hotspot\share\prims\jni.cpp, line 520]
Event: 84.907 Thread 0x000001eb21f1a820 Exception <a 'sun/nio/fs/WindowsException'{0x00000000d59e76b8}> (0x00000000d59e76b8) 
thrown [s\src\hotspot\share\prims\jni.cpp, line 520]
Event: 84.920 Thread 0x000001eb21f1a820 Exception <a 'sun/nio/fs/WindowsException'{0x00000000d5a23c70}> (0x00000000d5a23c70) 
thrown [s\src\hotspot\share\prims\jni.cpp, line 520]
Event: 84.920 Thread 0x000001eb21f1a820 Exception <a 'sun/nio/fs/WindowsException'{0x00000000d5a24550}> (0x00000000d5a24550) 
thrown [s\src\hotspot\share\prims\jni.cpp, line 520]
Event: 85.556 Thread 0x000001eb21f1c8f0 Exception <a 'sun/nio/fs/WindowsException'{0x00000000d5a87308}> (0x00000000d5a87308) 
thrown [s\src\hotspot\share\prims\jni.cpp, line 520]
Event: 85.556 Thread 0x000001eb21f1c8f0 Exception <a 'sun/nio/fs/WindowsException'{0x00000000d5a905e0}> (0x00000000d5a905e0) 
thrown [s\src\hotspot\share\prims\jni.cpp, line 520]
Event: 85.556 Thread 0x000001eb21f1c8f0 Exception <a 'sun/nio/fs/WindowsException'{0x00000000d5a91580}> (0x00000000d5a91580) 
thrown [s\src\hotspot\share\prims\jni.cpp, line 520]
Event: 85.557 Thread 0x000001eb21f1c8f0 Exception <a 'sun/nio/fs/WindowsException'{0x00000000d5aa2430}> (0x00000000d5aa2430) 
thrown [s\src\hotspot\share\prims\jni.cpp, line 520]
Event: 85.558 Thread 0x000001eb21f1c8f0 Exception <a 'sun/nio/fs/WindowsException'{0x00000000d5aa43e0}> (0x00000000d5aa43e0) 
thrown [s\src\hotspot\share\prims\jni.cpp, line 520]
Event: 85.558 Thread 0x000001eb21f1c8f0 Exception <a 'sun/nio/fs/WindowsException'{0x00000000d5aa4f18}> (0x00000000d5aa4f18) 
thrown [s\src\hotspot\share\prims\jni.cpp, line 520]
Event: 85.563 Thread 0x000001eb21f1c8f0 Exception <a 'sun/nio/fs/WindowsException'{0x00000000d5acc878}> (0x00000000d5acc878) 
thrown [s\src\hotspot\share\prims\jni.cpp, line 520]
Event: 85.563 Thread 0x000001eb21f1c8f0 Exception <a 'sun/nio/fs/WindowsException'{0x00000000d5acd398}> (0x00000000d5acd398) 
thrown [s\src\hotspot\share\prims\jni.cpp, line 520]
Event: 88.634 Thread 0x000001eb1f557380 Exception <a 'java/lang/NoSuchMethodError'{0x00000000d6384ef8}: 'java.lang.Object java.lang.invoke.DirectMethodHandle$Holder.newInvokeSpecial(java.lang.Object, java.lang.Object, int, java.lang.Object, java.lang.Object)'> (0x00000000d6384ef8) 
thrown [s\src\hotspot\share\interpreter\linkResolver.cpp, line 773]
Event: 88.642 Thread 0x000001eb1f557380 Exception <a 'java/lang/NoSuchMethodError'{0x00000000d63a5e70}: 'java.lang.Object java.lang.invoke.DirectMethodHandle$Holder.invokeSpecial(java.lang.Object, java.lang.Object, java.lang.Object, int, java.lang.Object, java.lang.Object, java.lang.Object)'> (0x00000000d63a5e70) 
thrown [s\src\hotspot\share\interpreter\linkResolver.cpp, line 773]
Event: 88.644 Thread 0x000001eb1f557380 Exception <a 'java/lang/NoSuchMethodError'{0x00000000d63b02b0}: 'java.lang.Object java.lang.invoke.DirectMethodHandle$Holder.invokeStatic(java.lang.Object, java.lang.Object, int, java.lang.Object, java.lang.Object)'> (0x00000000d63b02b0) 
thrown [s\src\hotspot\share\interpreter\linkResolver.cpp, line 773]
Event: 88.646 Thread 0x000001eb1f557380 Exception <a 'java/lang/NoSuchMethodError'{0x00000000d63b8d98}: 'java.lang.Object java.lang.invoke.DirectMethodHandle$Holder.newInvokeSpecial(java.lang.Object, java.lang.Object, int)'> (0x00000000d63b8d98) 
thrown [s\src\hotspot\share\interpreter\linkResolver.cpp, line 773]
Event: 88.702 Thread 0x000001eb1f557380 Exception <a 'java/lang/NoSuchMethodError'{0x00000000d6457500}: 'void java.lang.invoke.DirectMethodHandle$Holder.invokeStatic(java.lang.Object, int)'> (0x00000000d6457500) 
thrown [s\src\hotspot\share\interpreter\linkResolver.cpp, line 773]
Event: 79472.260 Thread 0x000001eb1f558dc0 Exception <a 'java/lang/NoSuchMethodError'{0x00000000d590cdd0}: 'java.lang.Object java.lang.invoke.DirectMethodHandle$Holder.invokeStatic(java.lang.Object, java.lang.Object, int, java.lang.Object)'> (0x00000000d590cdd0) 
thrown [s\src\hotspot\share\interpreter\linkResolver.cpp, line 773]

ZGC Phase Switch (0 events):
No events

VM Operations (20 events):
Event: 79472.033 Executing non-safepoint VM operation: RendezvousGCThreads
Event: 79472.033 Executing non-safepoint VM operation: RendezvousGCThreads done
Event: 79473.079 Executing safepoint VM operation: Cleanup
Event: 79473.079 Executing safepoint VM operation: Cleanup done
Event: 79493.311 Executing safepoint VM operation: Cleanup
Event: 79493.354 Executing safepoint VM operation: Cleanup done
Event: 79531.685 Executing safepoint VM operation: Cleanup
Event: 79531.700 Executing safepoint VM operation: Cleanup done
Event: 79531.900 Executing non-safepoint VM operation: HandshakeAllThreads (HandshakeForDeflation)
Event: 79531.917 Executing non-safepoint VM operation: HandshakeAllThreads (HandshakeForDeflation) done
Event: 79531.917 Executing non-safepoint VM operation: RendezvousGCThreads
Event: 79531.917 Executing non-safepoint VM operation: RendezvousGCThreads done
Event: 79533.945 Executing safepoint VM operation: Cleanup
Event: 79533.966 Executing safepoint VM operation: Cleanup done
Event: 79536.971 Executing safepoint VM operation: Cleanup
Event: 79536.989 Executing safepoint VM operation: Cleanup done
Event: 79549.084 Executing safepoint VM operation: Cleanup
Event: 79549.146 Executing safepoint VM operation: Cleanup done
Event: 79550.159 Executing safepoint VM operation: Cleanup
Event: 79550.266 Executing safepoint VM operation: Cleanup done

Memory protections (0 events):
No events

Nmethod flushes (20 events):
Event: 68.186 Thread 0x000001eac0f24270 flushing  nmethod 0x000001eac4bb3290
Event: 68.186 Thread 0x000001eac0f24270 flushing  nmethod 0x000001eac4bb3710
Event: 68.186 Thread 0x000001eac0f24270 flushing  nmethod 0x000001eac4bb4110
Event: 68.186 Thread 0x000001eac0f24270 flushing  nmethod 0x000001eac4bbd410
Event: 68.186 Thread 0x000001eac0f24270 flushing  nmethod 0x000001eac4be7690
Event: 68.186 Thread 0x000001eac0f24270 flushing  nmethod 0x000001eac4be7c10
Event: 68.186 Thread 0x000001eac0f24270 flushing  nmethod 0x000001eac4be8e10
Event: 68.186 Thread 0x000001eac0f24270 flushing  nmethod 0x000001eac4be9290
Event: 68.186 Thread 0x000001eac0f24270 flushing  nmethod 0x000001eac4be9810
Event: 68.186 Thread 0x000001eac0f24270 flushing  nmethod 0x000001eac4be9b90
Event: 68.186 Thread 0x000001eac0f24270 flushing  nmethod 0x000001eac4bea410
Event: 68.186 Thread 0x000001eac0f24270 flushing  nmethod 0x000001eac4beaa10
Event: 68.186 Thread 0x000001eac0f24270 flushing  nmethod 0x000001eac4beb610
Event: 68.186 Thread 0x000001eac0f24270 flushing  nmethod 0x000001eac4bebb10
Event: 68.186 Thread 0x000001eac0f24270 flushing  nmethod 0x000001eac4bec890
Event: 68.186 Thread 0x000001eac0f24270 flushing  nmethod 0x000001eac4c0de90
Event: 68.186 Thread 0x000001eac0f24270 flushing  nmethod 0x000001eac4c0e390
Event: 68.186 Thread 0x000001eac0f24270 flushing  nmethod 0x000001eac4c16990
Event: 68.186 Thread 0x000001eac0f24270 flushing  nmethod 0x000001eac4c1a790
Event: 68.186 Thread 0x000001eac0f24270 flushing  nmethod 0x000001eac4c1ad90

Events (20 events):
Event: 71.286 Thread 0x000001eb21f1fd70 Thread exited: 0x000001eb21f1fd70
Event: 71.286 Thread 0x000001eb21f1e330 Thread exited: 0x000001eb21f1e330
Event: 71.286 Thread 0x000001eb21f1f6e0 Thread exited: 0x000001eb21f1f6e0
Event: 71.286 Thread 0x000001eb21f19b00 Thread exited: 0x000001eb21f19b00
Event: 71.286 Thread 0x000001eb21f1b540 Thread exited: 0x000001eb21f1b540
Event: 71.287 Thread 0x000001eb21f1f050 Thread exited: 0x000001eb21f1f050
Event: 71.287 Thread 0x000001eb21f1dca0 Thread exited: 0x000001eb21f1dca0
Event: 74.692 Thread 0x000001eb1f558dc0 Thread added: 0x000001eb1f4d8700
Event: 74.692 Thread 0x000001eb1f558dc0 Thread added: 0x000001eb1f4d79e0
Event: 74.692 Thread 0x000001eb1f558dc0 Thread added: 0x000001eb1f4d9ab0
Event: 74.693 Thread 0x000001eb1f558dc0 Thread added: 0x000001eb1f4da140
Event: 74.693 Thread 0x000001eb1f558dc0 Thread added: 0x000001eb1f4d7350
Event: 75.313 Thread 0x000001eb224378b0 Thread exited: 0x000001eb224378b0
Event: 80.204 Thread 0x000001eb1f4d79e0 Thread exited: 0x000001eb1f4d79e0
Event: 80.204 Thread 0x000001eb1f4d9ab0 Thread exited: 0x000001eb1f4d9ab0
Event: 80.204 Thread 0x000001eb1f4d8700 Thread exited: 0x000001eb1f4d8700
Event: 80.204 Thread 0x000001eb1f4da140 Thread exited: 0x000001eb1f4da140
Event: 80.204 Thread 0x000001eb1f4d7350 Thread exited: 0x000001eb1f4d7350
Event: 83.602 Thread 0x000001eb22436500 Thread added: 0x000001eb1f4d7350
Event: 79527.939 Thread 0x000001eb21f1c8f0 Thread exited: 0x000001eb21f1c8f0


Dynamic libraries:
0x00007ff7a9b10000 - 0x00007ff7a9b1e000 	c:\Users\rapha\.vscode\extensions\redhat.java-1.54.0-win32-x64\jre\21.0.10-win32-x86_64\bin\java.exe
0x00007ffb16120000 - 0x00007ffb16387000 	C:\WINDOWS\SYSTEM32\ntdll.dll
0x00007ffb14930000 - 0x00007ffb149f9000 	C:\WINDOWS\System32\KERNEL32.DLL
0x00007ffb12e90000 - 0x00007ffb13287000 	C:\WINDOWS\System32\KERNELBASE.dll
0x00007ffb103e0000 - 0x00007ffb10480000 	C:\WINDOWS\SYSTEM32\apphelp.dll
0x00007ffb13d50000 - 0x00007ffb13e9b000 	C:\WINDOWS\System32\ucrtbase.dll
0x00007ffad3960000 - 0x00007ffad397e000 	c:\Users\rapha\.vscode\extensions\redhat.java-1.54.0-win32-x64\jre\21.0.10-win32-x86_64\bin\VCRUNTIME140.dll
0x00007ffafb4b0000 - 0x00007ffafb4c8000 	c:\Users\rapha\.vscode\extensions\redhat.java-1.54.0-win32-x64\jre\21.0.10-win32-x86_64\bin\jli.dll
0x00007ffb15060000 - 0x00007ffb15226000 	C:\WINDOWS\System32\USER32.dll
0x00007ffafba40000 - 0x00007ffafbcd2000 	C:\WINDOWS\WinSxS\amd64_microsoft.windows.common-controls_6595b64144ccf1df_6.0.26100.8457_none_3e0b2faee331e92d\COMCTL32.dll
0x00007ffb13bc0000 - 0x00007ffb13be7000 	C:\WINDOWS\System32\win32u.dll
0x00007ffb14400000 - 0x00007ffb144a9000 	C:\WINDOWS\System32\msvcrt.dll
0x00007ffb14ba0000 - 0x00007ffb14bcb000 	C:\WINDOWS\System32\GDI32.dll
0x00007ffb12b50000 - 0x00007ffb12c7c000 	C:\WINDOWS\System32\gdi32full.dll
0x00007ffb13ca0000 - 0x00007ffb13d43000 	C:\WINDOWS\System32\msvcp_win.dll
0x00007ffb13ea0000 - 0x00007ffb13ed2000 	C:\WINDOWS\System32\IMM32.DLL
0x00007ffb009d0000 - 0x00007ffb009dc000 	c:\Users\rapha\.vscode\extensions\redhat.java-1.54.0-win32-x64\jre\21.0.10-win32-x86_64\bin\vcruntime140_1.dll
0x00007ffab0b20000 - 0x00007ffab0bad000 	c:\Users\rapha\.vscode\extensions\redhat.java-1.54.0-win32-x64\jre\21.0.10-win32-x86_64\bin\msvcp140.dll
0x00007ffa1dfc0000 - 0x00007ffa1ed61000 	c:\Users\rapha\.vscode\extensions\redhat.java-1.54.0-win32-x64\jre\21.0.10-win32-x86_64\bin\server\jvm.dll
0x00007ffb15e80000 - 0x00007ffb15f36000 	C:\WINDOWS\System32\ADVAPI32.dll
0x00007ffb14250000 - 0x00007ffb142f7000 	C:\WINDOWS\System32\sechost.dll
0x00007ffb14a00000 - 0x00007ffb14b18000 	C:\WINDOWS\System32\RPCRT4.dll
0x00007ffb15490000 - 0x00007ffb15510000 	C:\WINDOWS\System32\WS2_32.dll
0x00007ffb129d0000 - 0x00007ffb12a2e000 	C:\WINDOWS\SYSTEM32\POWRPROF.dll
0x00007ffb0bc20000 - 0x00007ffb0bc2b000 	C:\WINDOWS\SYSTEM32\VERSION.dll
0x00007ffb09c20000 - 0x00007ffb09c56000 	C:\WINDOWS\SYSTEM32\WINMM.dll
0x00007ffb129b0000 - 0x00007ffb129c4000 	C:\WINDOWS\SYSTEM32\UMPDC.dll
0x00007ffb118a0000 - 0x00007ffb118bb000 	C:\WINDOWS\SYSTEM32\kernel.appcore.dll
0x00007ffb00880000 - 0x00007ffb0088a000 	c:\Users\rapha\.vscode\extensions\redhat.java-1.54.0-win32-x64\jre\21.0.10-win32-x86_64\bin\jimage.dll
0x00007ffb09660000 - 0x00007ffb098a2000 	C:\WINDOWS\SYSTEM32\DBGHELP.DLL
0x00007ffb14590000 - 0x00007ffb14913000 	C:\WINDOWS\System32\combase.dll
0x00007ffb144b0000 - 0x00007ffb14589000 	C:\WINDOWS\System32\OLEAUT32.dll
0x00007ffb00b90000 - 0x00007ffb00bcb000 	C:\WINDOWS\SYSTEM32\dbgcore.DLL
0x00007ffb13bf0000 - 0x00007ffb13c98000 	C:\WINDOWS\System32\bcryptPrimitives.dll
0x00007ffb007e0000 - 0x00007ffb007ef000 	c:\Users\rapha\.vscode\extensions\redhat.java-1.54.0-win32-x64\jre\21.0.10-win32-x86_64\bin\instrument.dll
0x00007ffab84b0000 - 0x00007ffab84d0000 	c:\Users\rapha\.vscode\extensions\redhat.java-1.54.0-win32-x64\jre\21.0.10-win32-x86_64\bin\java.dll
0x00007ffb15520000 - 0x00007ffb15c8e000 	C:\WINDOWS\System32\SHELL32.dll
0x00007ffb13290000 - 0x00007ffb13afc000 	C:\WINDOWS\System32\windows.storage.dll
0x00007ffb13ee0000 - 0x00007ffb13fd6000 	C:\WINDOWS\System32\SHCORE.dll
0x00007ffb15380000 - 0x00007ffb153e6000 	C:\WINDOWS\System32\shlwapi.dll
0x00007ffb12a70000 - 0x00007ffb12a99000 	C:\WINDOWS\SYSTEM32\profapi.dll
0x00007ffaccd70000 - 0x00007ffaccd88000 	c:\Users\rapha\.vscode\extensions\redhat.java-1.54.0-win32-x64\jre\21.0.10-win32-x86_64\bin\zip.dll
0x00007ffb00510000 - 0x00007ffb00520000 	C:\Users\rapha\.vscode\extensions\redhat.java-1.54.0-win32-x64\jre\21.0.10-win32-x86_64\bin\net.dll
0x00007ffb0b370000 - 0x00007ffb0b499000 	C:\WINDOWS\SYSTEM32\WINHTTP.dll
0x00007ffb11df0000 - 0x00007ffb11e5c000 	C:\WINDOWS\system32\mswsock.dll
0x00007ffaac4b0000 - 0x00007ffaac4c6000 	C:\Users\rapha\.vscode\extensions\redhat.java-1.54.0-win32-x64\jre\21.0.10-win32-x86_64\bin\nio.dll
0x00007ffaffed0000 - 0x00007ffaffee0000 	c:\Users\rapha\.vscode\extensions\redhat.java-1.54.0-win32-x64\jre\21.0.10-win32-x86_64\bin\verify.dll
0x00007ffa70bd0000 - 0x00007ffa70c15000 	C:\Users\rapha\AppData\Roaming\Code\User\globalStorage\redhat.java\1.54.0\config_win\org.eclipse.equinox.launcher\org.eclipse.equinox.launcher.win32.win32.x86_64_1.3.0.v20260203-2149\eclipse_11919.dll
0x00007ffb15f40000 - 0x00007ffb160d7000 	C:\WINDOWS\System32\ole32.dll
0x00007ffb121f0000 - 0x00007ffb1220b000 	C:\WINDOWS\SYSTEM32\CRYPTSP.dll
0x00007ffb11800000 - 0x00007ffb11839000 	C:\WINDOWS\system32\rsaenh.dll
0x00007ffb11ea0000 - 0x00007ffb11ed3000 	C:\WINDOWS\SYSTEM32\USERENV.dll
0x00007ffb12a40000 - 0x00007ffb12a6a000 	C:\WINDOWS\SYSTEM32\bcrypt.dll
0x00007ffb12050000 - 0x00007ffb1205c000 	C:\WINDOWS\SYSTEM32\CRYPTBASE.dll
0x00007ffb11290000 - 0x00007ffb112c2000 	C:\WINDOWS\SYSTEM32\IPHLPAPI.DLL
0x00007ffb153f0000 - 0x00007ffb153fa000 	C:\WINDOWS\System32\NSI.dll
0x00007ffaae020000 - 0x00007ffaae069000 	C:\Users\rapha\AppData\Local\Temp\jna-979861249\jna9229915948973247953.dll
0x00007ffb14140000 - 0x00007ffb14148000 	C:\WINDOWS\System32\PSAPI.DLL
0x00007ffb0c860000 - 0x00007ffb0c87d000 	C:\WINDOWS\SYSTEM32\dhcpcsvc6.DLL
0x00007ffb0bc30000 - 0x00007ffb0bc55000 	C:\WINDOWS\SYSTEM32\dhcpcsvc.DLL
0x00007ffb006d0000 - 0x00007ffb006de000 	C:\Users\rapha\.vscode\extensions\redhat.java-1.54.0-win32-x64\jre\21.0.10-win32-x86_64\bin\sunmscapi.dll
0x00007ffb12c80000 - 0x00007ffb12df8000 	C:\WINDOWS\System32\CRYPT32.dll
0x00007ffb12350000 - 0x00007ffb12380000 	C:\WINDOWS\SYSTEM32\ncrypt.dll
0x00007ffb12300000 - 0x00007ffb1233f000 	C:\WINDOWS\SYSTEM32\NTASN1.dll
0x00007ffb112d0000 - 0x00007ffb11402000 	C:\WINDOWS\SYSTEM32\DNSAPI.dll
0x00007ffb072f0000 - 0x00007ffb072fb000 	C:\Windows\System32\rasadhlp.dll
0x00007ffb070e0000 - 0x00007ffb07166000 	C:\WINDOWS\System32\fwpuclnt.dll
0x00007ffad4bf0000 - 0x00007ffad4bf9000 	C:\Users\rapha\.vscode\extensions\redhat.java-1.54.0-win32-x64\jre\21.0.10-win32-x86_64\bin\extnet.dll

JVMTI agents:
c:\Users\rapha\.vscode\extensions\redhat.java-1.54.0-win32-x64\lombok\lombok-1.18.39-4050.jar path:c:\Users\rapha\.vscode\extensions\redhat.java-1.54.0-win32-x64\jre\21.0.10-win32-x86_64\bin\instrument.dll, loaded, initialized, instrumentlib options:none

dbghelp: loaded successfully - version: 4.0.5 - missing functions: none
symbol engine: initialized successfully - sym options: 0x614 - pdb path: .;c:\Users\rapha\.vscode\extensions\redhat.java-1.54.0-win32-x64\jre\21.0.10-win32-x86_64\bin;C:\WINDOWS\SYSTEM32;C:\WINDOWS\WinSxS\amd64_microsoft.windows.common-controls_6595b64144ccf1df_6.0.26100.8457_none_3e0b2faee331e92d;c:\Users\rapha\.vscode\extensions\redhat.java-1.54.0-win32-x64\jre\21.0.10-win32-x86_64\bin\server;C:\Users\rapha\AppData\Roaming\Code\User\globalStorage\redhat.java\1.54.0\config_win\org.eclipse.equinox.launcher\org.eclipse.equinox.launcher.win32.win32.x86_64_1.3.0.v20260203-2149;C:\Users\rapha\AppData\Local\Temp\jna-979861249

VM Arguments:
jvm_args: --add-modules=ALL-SYSTEM --add-opens=java.base/java.util=ALL-UNNAMED --add-opens=java.base/java.lang=ALL-UNNAMED --add-opens=java.base/sun.nio.fs=ALL-UNNAMED -Declipse.application=org.eclipse.jdt.ls.core.id1 -Dosgi.bundles.defaultStartLevel=4 -Declipse.product=org.eclipse.jdt.ls.core.product -Djava.import.generatesMetadataFilesAtProjectRoot=false -DDetectVMInstallationsJob.disabled=true -Dfile.encoding=utf8 -XX:+UseParallelGC -XX:GCTimeRatio=4 -XX:AdaptiveSizePolicyWeight=90 -Dsun.zip.disableMemoryMapping=true -Xmx2G -Xms100m -Xlog:disable -javaagent:c:\Users\rapha\.vscode\extensions\redhat.java-1.54.0-win32-x64\lombok\lombok-1.18.39-4050.jar -XX:+HeapDumpOnOutOfMemoryError -XX:HeapDumpPath=c:\Users\rapha\AppData\Roaming\Code\User\workspaceStorage\4736418851ab1ec7522416bcb281f0d8\redhat.java -Daether.dependencyCollector.impl=bf 
java_command: c:\Users\rapha\.vscode\extensions\redhat.java-1.54.0-win32-x64\server\plugins\org.eclipse.equinox.launcher_1.7.100.v20251111-0406.jar -configuration c:\Users\rapha\AppData\Roaming\Code\User\globalStorage\redhat.java\1.54.0\config_win -data c:\Users\rapha\AppData\Roaming\Code\User\workspaceStorage\4736418851ab1ec7522416bcb281f0d8\redhat.java\jdt_ws --pipe=\\.\pipe\lsp-e314046086073342a04e641c31544449-sock
java_class_path (initial): c:\Users\rapha\.vscode\extensions\redhat.java-1.54.0-win32-x64\server\plugins\org.eclipse.equinox.launcher_1.7.100.v20251111-0406.jar
Launcher Type: SUN_STANDARD

[Global flags]
    uintx AdaptiveSizePolicyWeight                 = 90                                        {product} {command line}
     intx CICompilerCount                          = 4                                         {product} {ergonomic}
    uintx GCTimeRatio                              = 4                                         {product} {command line}
     bool HeapDumpOnOutOfMemoryError               = true                                   {manageable} {command line}
    ccstr HeapDumpPath                             = c:\Users\rapha\AppData\Roaming\Code\User\workspaceStorage\4736418851ab1ec7522416bcb281f0d8\redhat.java         {manageable} {command line}
   size_t InitialHeapSize                          = 104857600                                 {product} {command line}
   size_t MaxHeapSize                              = 2147483648                                {product} {command line}
   size_t MaxNewSize                               = 715653120                                 {product} {ergonomic}
   size_t MinHeapDeltaBytes                        = 524288                                    {product} {ergonomic}
   size_t MinHeapSize                              = 104857600                                 {product} {command line}
   size_t NewSize                                  = 34603008                                  {product} {ergonomic}
    uintx NonNMethodCodeHeapSize                   = 5839372                                {pd product} {ergonomic}
    uintx NonProfiledCodeHeapSize                  = 122909434                              {pd product} {ergonomic}
   size_t OldSize                                  = 70254592                                  {product} {ergonomic}
    uintx ProfiledCodeHeapSize                     = 122909434                              {pd product} {ergonomic}
    uintx ReservedCodeCacheSize                    = 251658240                              {pd product} {ergonomic}
     bool SegmentedCodeCache                       = true                                      {product} {ergonomic}
   size_t SoftMaxHeapSize                          = 2147483648                             {manageable} {ergonomic}
     bool UseCompressedOops                        = true                           {product lp64_product} {ergonomic}
     bool UseLargePagesIndividualAllocation        = false                                  {pd product} {ergonomic}
     bool UseParallelGC                            = true                                      {product} {command line}

Logging:
Log output configuration:
 #0: stdout all=off uptime,level,tags foldmultilines=false
 #1: stderr all=off uptime,level,tags foldmultilines=false

Release file:
JAVA_VERSION="21.0.10" 
MODULES="java.base java.compiler java.datatransfer java.xml java.prefs java.desktop java.instrument java.logging java.management java.security.sasl java.naming java.rmi java.management.rmi java.net.http java.scripting java.security.jgss java.transaction.xa java.sql java.sql.rowset java.xml.crypto java.se java.smartcardio jdk.accessibility jdk.internal.jvmstat jdk.attach jdk.charsets jdk.internal.opt jdk.zipfs jdk.compiler jdk.crypto.ec jdk.crypto.cryptoki jdk.crypto.mscapi jdk.dynalink jdk.internal.ed jdk.editpad jdk.hotspot.agent jdk.httpserver jdk.internal.le jdk.internal.vm.ci jdk.internal.vm.compiler jdk.internal.vm.compiler.management jdk.jartool jdk.javadoc jdk.jcmd jdk.management jdk.management.agent jdk.jconsole jdk.jdeps jdk.jdwp.agent jdk.jdi jdk.jfr jdk.jshell jdk.jsobject jdk.jstatd jdk.localedata jdk.management.jfr jdk.naming.dns jdk.naming.rmi jdk.net jdk.nio.mapmode jdk.random jdk.sctp jdk.security.auth jdk.security.jgss jdk.unsupported jdk.unsupported.desktop jdk.xml.dom" 

Environment Variables:
JAVA_HOME=C:\Program Files\Java\jdk-25
PATH=C:\Python313\Scripts\;C:\Python313\;C:\Program Files\Common Files\Oracle\Java\javapath;C:\Program Files (x86)\Common Files\Oracle\Java\java8path;C:\Program Files (x86)\Common Files\Oracle\Java\javapath;C:\Program Files\Java\jdk-25\bin;C:\Program Files\Java\zulu17.44.15-ca-jdk17.0.8-win_x64\bin;C:\WINDOWS\system32;C:\WINDOWS;C:\WINDOWS\System32\Wbem;C:\WINDOWS\System32\WindowsPowerShell\v1.0\;C:\WINDOWS\System32\OpenSSH\;C:\Windows\System32;C:\Program Files\Git\cmd;C:\Program Files (x86)\Microsoft SQL Server\160\Tools\Binn\;C:\Program Files\Microsoft SQL Server\160\Tools\Binn\;C:\Program Files\Microsoft SQL Server\Client SDK\ODBC\170\Tools\Binn\;C:\Program Files\Microsoft SQL Server\160\DTS\Binn\;C:\apache-maven-3.9.9\bin;C:\Program Files\nodejs\;C:\ProgramData\chocolatey\bin;C:\Program Files\dotnet\;C:\Program Files\Microsoft SQL Server\150\Tools\Binn\;;C:\Program Files\Docker\Docker\resources\bin;C:\Users\rapha\AppData\Local\Microsoft\WindowsApps;C:\Users\rapha\AppData\Local\Programs\Microsoft VS Code\bin;C:\Users\rapha\AppData\Local\GitHubDesktop\bin;C:\Users\rapha\AppData\Roaming\npm;C:\Users\rapha\AppData\Local\Microsoft\WinGet\Packages\Schniz.fnm_Microsoft.Winget.Source_8wekyb3d8bbwe;C:\Users\rapha\.dotnet\tools;C:\Program Files\JetBrains\IntelliJ IDEA Community Edition 2025.2.3\bin;C:\Users\rapha\AppData\Local\Python\bin
USERNAME=raphael
OS=Windows_NT
PROCESSOR_IDENTIFIER=AMD64 Family 23 Model 104 Stepping 1, AuthenticAMD
TMP=C:\Users\rapha\AppData\Local\Temp
TEMP=C:\Users\rapha\AppData\Local\Temp




Periodic native trim disabled

---------------  S Y S T E M  ---------------

OS:
 Windows 11 , 64 bit Build 26100 (10.0.26100.8328)
OS uptime: 10 days 19:19 hours
Hyper-V role detected

CPU: total 12 (initial active 12) (12 cores per cpu, 2 threads per core) family 23 model 104 stepping 1 microcode 0x8608103, cx8, cmov, fxsr, ht, mmx, 3dnowpref, sse, sse2, sse3, ssse3, sse4a, sse4.1, sse4.2, popcnt, lzcnt, tsc, tscinvbit, avx, avx2, aes, clmul, bmi1, bmi2, adx, sha, fma, vzeroupper, clflush, clflushopt, hv, rdtscp, rdpid, f16c
Processor Information for processor 0
  Max Mhz: 2100, Current Mhz: 1988, Mhz Limit: 2100
Processor Information for processor 1
  Max Mhz: 2100, Current Mhz: 2100, Mhz Limit: 2100
Processor Information for processor 2
  Max Mhz: 2100, Current Mhz: 2100, Mhz Limit: 2100
Processor Information for processor 3
  Max Mhz: 2100, Current Mhz: 2100, Mhz Limit: 2100
Processor Information for processor 4
  Max Mhz: 2100, Current Mhz: 2100, Mhz Limit: 2100
Processor Information for processor 5
  Max Mhz: 2100, Current Mhz: 1988, Mhz Limit: 2100
Processor Information for processor 6
  Max Mhz: 2100, Current Mhz: 1988, Mhz Limit: 2100
Processor Information for processor 7
  Max Mhz: 2100, Current Mhz: 2100, Mhz Limit: 2100
Processor Information for processor 8
  Max Mhz: 2100, Current Mhz: 1988, Mhz Limit: 2100
Processor Information for processor 9
  Max Mhz: 2100, Current Mhz: 1988, Mhz Limit: 2100
Processor Information for processor 10
  Max Mhz: 2100, Current Mhz: 1988, Mhz Limit: 2100
Processor Information for processor 11
  Max Mhz: 2100, Current Mhz: 1988, Mhz Limit: 2100

Memory: 4k page, system-wide physical 5989M (268M free)
TotalPageFile size 24421M (AvailPageFile size 1M)
current process WorkingSet (physical memory assigned to process): 15M, peak: 277M
current process commit charge ("private bytes"): 400M, peak: 422M

vm_info: OpenJDK 64-Bit Server VM (21.0.10+7-LTS) for windows-amd64 JRE (21.0.10+7-LTS), built on 2026-01-20T00:00:00Z by "admin" with MS VC++ 17.12 (VS2022)

END.
